calling factorial with (4,) and {} argumentscalling·factorial resulted: 24
